---------- Site Map ---------------
http://localhost:8000/
---http://localhost:8000/a2.html
------http://localhost:8000/a5.html
------http://localhost:8000/index.html
---http://localhost:8000/a3.html
------http://localhost:8000/a6.html
---http://localhost:8000/a4.html
------http://localhost:8000/a7.html
---------http://localhost:8000/a8.html
------------http://localhost:8000/a9.html

-----------------------------------
